<testsuites id="" name="" tests="1" failures="1" skipped="0" errors="0" time="82.17379100000001">
<testsuite name="RetryTest.spec.js" timestamp="2024-06-13T07:08:39.138Z" hostname="chromium" tests="1" failures="1" skipped="0" time="72.004" errors="0">
<testcase name="test" classname="RetryTest.spec.js" time="72.004">
<failure message="RetryTest.spec.js:6:5 test" type="FAILURE">
<![CDATA[  [chromium] › RetryTest.spec.js:6:5 › test ───────────────────────────

    Error: expect(received).toBe(expected) // Object.is equality

    Expected: false
    Received: true

      24 |    await page.waitForTimeout(3000)
      25 |    const status=await cart.checkProductInCart('Nexus 6')
    > 26 |    expect(await status).toBe(false);
         |                         ^
      27 |  
      28 | });

        at G:\playwrightAutomation\tests\RetryTest.spec.js:26:25

    attachment #1: trace (application/zip) ────────────────────────────
    test-results\RetryTest-test-chromium\trace.zip
    Usage:

        npx playwright show-trace test-results\RetryTest-test-chromium\trace.zip

    ───────────────────────────────────────────────────────────────────

    Retry #1 ──────────────────────────────────────────────────────────

    Error: expect(received).toBe(expected) // Object.is equality

    Expected: false
    Received: undefined

      24 |    await page.waitForTimeout(3000)
      25 |    const status=await cart.checkProductInCart('Nexus 6')
    > 26 |    expect(await status).toBe(false);
         |                         ^
      27 |  
      28 | });

        at G:\playwrightAutomation\tests\RetryTest.spec.js:26:25

    attachment #1: trace (application/zip) ────────────────────────────
    test-results\RetryTest-test-chromium-retry1\trace.zip
    Usage:

        npx playwright show-trace test-results\RetryTest-test-chromium-retry1\trace.zip

    ───────────────────────────────────────────────────────────────────

    Retry #2 ──────────────────────────────────────────────────────────

    Error: expect(received).toBe(expected) // Object.is equality

    Expected: false
    Received: true

      24 |    await page.waitForTimeout(3000)
      25 |    const status=await cart.checkProductInCart('Nexus 6')
    > 26 |    expect(await status).toBe(false);
         |                         ^
      27 |  
      28 | });

        at G:\playwrightAutomation\tests\RetryTest.spec.js:26:25

    attachment #1: trace (application/zip) ────────────────────────────
    test-results\RetryTest-test-chromium-retry2\trace.zip
    Usage:

        npx playwright show-trace test-results\RetryTest-test-chromium-retry2\trace.zip

    ───────────────────────────────────────────────────────────────────

    Retry #3 ──────────────────────────────────────────────────────────

    Error: expect(received).toBe(expected) // Object.is equality

    Expected: false
    Received: undefined

      24 |    await page.waitForTimeout(3000)
      25 |    const status=await cart.checkProductInCart('Nexus 6')
    > 26 |    expect(await status).toBe(false);
         |                         ^
      27 |  
      28 | });

        at G:\playwrightAutomation\tests\RetryTest.spec.js:26:25

    attachment #1: trace (application/zip) ────────────────────────────
    test-results\RetryTest-test-chromium-retry3\trace.zip
    Usage:

        npx playwright show-trace test-results\RetryTest-test-chromium-retry3\trace.zip

    ───────────────────────────────────────────────────────────────────
]]>
</failure>
<system-out>
<![CDATA[Nexus 6

[[ATTACHMENT|test-results\RetryTest-test-chromium\trace.zip]]

[[ATTACHMENT|test-results\RetryTest-test-chromium-retry1\trace.zip]]
Nexus 6

[[ATTACHMENT|test-results\RetryTest-test-chromium-retry2\trace.zip]]

[[ATTACHMENT|test-results\RetryTest-test-chromium-retry3\trace.zip]]
]]>
</system-out>
</testcase>
</testsuite>
</testsuites>